module std.api
module std.api.http
module std.api.http3
module std.api.grpc
module std.api.graphql
module std.api.server
module std.api.client
module std.api.json
module std.api.jwt
module std.api.oauth
module std.api.tls
module std.api.routing
module std.api.query
module std.api.form
module std.api.multipart
module std.api.handler
module std.api.cors
module std.api.middleware
module std.api.validation
module std.api.errors
module std.api.security
module std.api.session
module std.api.websocket
module std.api.sse
module std.api.trace
module std.api.health
module std.api.db.sqlite
module std.api.db.postgres
module std.api.db.redis
module std.api.db.pool
module std.api.db.migrate
type std.api.http.Request: record Request
type std.api.http.Response: record Response
type std.api.http.Method: record Method
type std.api.http.Status: record Status
type std.api.http.Header: record Header
type std.api.http.Headers: record Headers
type std.api.http.Cookie: record Cookie
type std.api.http.Body: record Body
type std.api.server.Server: record Server
type std.api.client.Client: record Client
type std.api.json.JsonValue: record JsonValue
type std.api.oauth.OAuthClient: record OAuthClient
type std.api.oauth.OAuthToken: record OAuthToken
type std.api.tls.TlsConfig: record TlsConfig
type std.api.routing.Route: record Route
type std.api.routing.Router: record Router
type std.api.routing.RouteMatch: record RouteMatch
type std.api.query.Query: record Query
type std.api.query.QuerySchema: record QuerySchema
type std.api.query.QueryBinding: record QueryBinding
type std.api.form.Form: record Form
type std.api.form.FormSchema: record FormSchema
type std.api.form.FormBinding: record FormBinding
type std.api.multipart.Multipart: record Multipart
type std.api.multipart.MultipartPart: record MultipartPart
type std.api.handler.HandlerHandle: record HandlerHandle
type std.api.handler.AsyncHandlerHandle: record AsyncHandlerHandle
type std.api.handler.HandlerError: record HandlerError
type std.api.middleware.MiddlewareChain: record MiddlewareChain
type std.api.middleware.MiddlewareHandle: record MiddlewareHandle
type std.api.middleware.AsyncMiddlewareHandle: record AsyncMiddlewareHandle
type std.api.middleware.MiddlewareTrace: record MiddlewareTrace
type std.api.validation.ValidationSchema: record ValidationSchema
type std.api.validation.ValidationResult: record ValidationResult
type std.api.cors.CorsPolicy: record CorsPolicy
type std.api.errors.ApiError: record ApiError
type std.api.security.CsrfPolicy: record CsrfPolicy
type std.api.security.SsrfPolicy: record SsrfPolicy
type std.api.session.SessionStore: record SessionStore
type std.api.session.Session: record Session
type std.api.websocket.WebSocketServer: record WebSocketServer
type std.api.websocket.WebSocketClient: record WebSocketClient
type std.api.websocket.WebSocket: record WebSocket
type std.api.websocket.WebSocketMessage: record WebSocketMessage
type std.api.sse.SseServer: record SseServer
type std.api.sse.SseConnection: record SseConnection
type std.api.sse.SseEvent: record SseEvent
func std.api.http3.server_config_new: func(string, string, string) returns int
func std.api.http3.client_config_new: func(string) returns int
func std.api.http3.handler_text: func(int, string) returns int
func std.api.http3.server_start: func(int, int) returns int
func std.api.http3.server_local_port: func(int) returns int
func std.api.http3.server_shutdown: func(int) returns Task<int>
func std.api.http3.client_connect: func(int, string) returns Task<int>
func std.api.http3.client_shutdown: func(int) returns Task<int>
func std.api.http3.client_request_new: func(int, string, string) returns int
func std.api.http3.client_request_header: func(int, string, string) returns bool
func std.api.http3.client_request_open: func(int) returns Task<int>
func std.api.http3.client_request_send_body: func(int, string) returns Task<int>
func std.api.http3.client_request_send_trailers: func(int, string, string) returns Task<int>
func std.api.http3.client_request_finish: func(int) returns Task<int>
func std.api.http3.client_request_receive_response: func(int) returns Task<int>
func std.api.http3.client_request_cancel: func(int) returns bool
func std.api.http3.response_status: func(int) returns int
func std.api.http3.response_header: func(int, string) returns string
func std.api.http3.response_trailer: func(int, string) returns string
func std.api.http3.response_body_base64: func(int) returns string
func std.api.http3.response_body_len: func(int) returns int
func std.api.http3.task_result: func(int) returns int
func std.api.http3.task_cancel: func(int) returns bool
func std.api.http3.result_ok: func(int) returns bool
func std.api.http3.result_value: func(int) returns int
func std.api.http3.result_error_code: func(int) returns int
func std.api.http3.result_error_message: func(int) returns string
func std.api.http3.handle_drop: func(int) returns bool
func std.api.grpc.message_from_base64: func(string) returns int
func std.api.grpc.message_to_base64: func(int) returns string
func std.api.grpc.message_len: func(int) returns int
func std.api.grpc.message_free: func(int) returns bool
func std.api.grpc.metadata_new: func() returns int
func std.api.grpc.metadata_insert: func(int, string, string) returns bool
func std.api.grpc.metadata_append: func(int, string, string) returns bool
func std.api.grpc.metadata_get: func(int, string) returns string
func std.api.grpc.metadata_len: func(int) returns int
func std.api.grpc.metadata_free: func(int) returns bool
func std.api.grpc.status_new: func(int, string) returns int
func std.api.grpc.status_code: func(int) returns int
func std.api.grpc.status_message: func(int) returns string
func std.api.grpc.status_details_base64: func(int) returns string
func std.api.grpc.status_set_details_base64: func(int, string) returns bool
func std.api.grpc.status_free: func(int) returns bool
func std.api.grpc.response_message: func(int) returns int
func std.api.grpc.response_status: func(int) returns int
func std.api.grpc.response_metadata: func(int) returns int
func std.api.grpc.response_free: func(int) returns bool
func std.api.grpc.error_code: func(int) returns int
func std.api.grpc.error_message: func(int) returns string
func std.api.grpc.error_details_base64: func(int) returns string
func std.api.grpc.error_free: func(int) returns bool
func std.api.grpc.client_connect: func(string) returns Task<int>
func std.api.grpc.client_unary: func(int, string, int, int, int) returns Task<int>
func std.api.grpc.client_client_streaming: func(int, string, int, int, int) returns Task<int>
func std.api.grpc.client_server_streaming: func(int, string, int, int, int) returns Task<int>
func std.api.grpc.client_bidi_streaming: func(int, string, int, int, int) returns Task<int>
func std.api.grpc.stream_send: func(int, int) returns Task<int>
func std.api.grpc.stream_recv: func(int) returns Task<int>
func std.api.grpc.stream_finish: func(int) returns Task<int>
func std.api.grpc.stream_cancel: func(int) returns Task<int>
func std.api.grpc.stream_free: func(int) returns bool
func std.api.grpc.server_bind: func(string, int, int, int, int) returns Task<int>
func std.api.grpc.server_local_port: func(int) returns int
func std.api.grpc.server_shutdown: func(int) returns bool
func std.api.grpc.server_free: func(int) returns bool
func std.api.graphql.schema_new: func() returns int
func std.api.graphql.schema_set_workers: func(int, int) returns bool
func std.api.graphql.schema_set_subscription_capacity: func(int, int) returns bool
func std.api.graphql.schema_field_json: func(int, int, string, string, string) returns bool
func std.api.graphql.schema_field_callback: func(int, int, string, string, int) returns bool
func std.api.graphql.schema_subscription_json: func(int, string, string, string) returns bool
func std.api.graphql.schema_subscription_callback: func(int, string, string, int) returns bool
func std.api.graphql.schema_finish: func(int) returns int
func std.api.graphql.schema_drop: func(int) returns bool
func std.api.graphql.schema_sdl: func(int) returns string
func std.api.graphql.execute: func(int, string, string) returns int
func std.api.graphql.execute_named: func(int, string, string, string) returns int
func std.api.graphql.execute_http: func(int, int, string, string, string) returns int
func std.api.graphql.response_json: func(int) returns string
func std.api.graphql.response_status: func(int) returns int
func std.api.graphql.response_is_ok: func(int) returns bool
func std.api.graphql.response_errors_json: func(int) returns string
func std.api.graphql.response_data_json: func(int) returns string
func std.api.graphql.response_drop: func(int) returns bool
func std.api.graphql.subscribe: func(int, string, string) returns int
func std.api.graphql.subscription_next: func(int) returns int
func std.api.graphql.subscription_pending: func(int) returns int
func std.api.graphql.subscription_capacity: func(int) returns int
func std.api.graphql.subscription_is_cancelled: func(int) returns bool
func std.api.graphql.subscription_cancel: func(int) returns bool
func std.api.graphql.subscription_drop: func(int) returns bool
func std.api.http.method_name: func(int) returns string
func std.api.http.method_allows_body: func(int) returns bool
func std.api.http.method_is_safe: func(int) returns bool
func std.api.http.method_get: func() returns int
func std.api.http.method_head: func() returns int
func std.api.http.method_post: func() returns int
func std.api.http.method_put: func() returns int
func std.api.http.method_patch: func() returns int
func std.api.http.method_delete: func() returns int
func std.api.http.method_options: func() returns int
func std.api.http.status_reason: func(int) returns string
func std.api.http.status_class: func(int) returns int
func std.api.http.status_is_success: func(int) returns bool
func std.api.http.status_continue: func() returns int
func std.api.http.status_switching_protocols: func() returns int
func std.api.http.status_ok: func() returns int
func std.api.http.status_created: func() returns int
func std.api.http.status_accepted: func() returns int
func std.api.http.status_no_content: func() returns int
func std.api.http.status_moved_permanently: func() returns int
func std.api.http.status_found: func() returns int
func std.api.http.status_not_modified: func() returns int
func std.api.http.status_bad_request: func() returns int
func std.api.http.status_unauthorized: func() returns int
func std.api.http.status_forbidden: func() returns int
func std.api.http.status_not_found: func() returns int
func std.api.http.status_method_not_allowed: func() returns int
func std.api.http.status_conflict: func() returns int
func std.api.http.status_unsupported_media_type: func() returns int
func std.api.http.status_unprocessable_content: func() returns int
func std.api.http.status_too_many_requests: func() returns int
func std.api.http.status_internal_server_error: func() returns int
func std.api.http.status_bad_gateway: func() returns int
func std.api.http.status_service_unavailable: func() returns int
func std.api.http.status_gateway_timeout: func() returns int
func std.api.http.header_name_is_valid: func(string) returns bool
func std.api.http.header_value_is_valid: func(string) returns bool
func std.api.http.request: func(int, string) returns Request
func std.api.http.request_new: func(int) returns Request
func std.api.http.request_method: func(Request) returns int
func std.api.http.request_path: func(Request) returns string
func std.api.http.request_body: func(Request) returns string
func std.api.http.request_header: func(Request, string) returns string
func std.api.http.request_with_header: func(Request, string, string) returns Request
func std.api.http.request_with_body: func(Request, string) returns Request
func std.api.http.request_cookie: func(Request, string) returns string
func std.api.http.response: func(int) returns Response
func std.api.http.response_new: func(int) returns Response
func std.api.http.response_status: func(Response) returns int
func std.api.http.response_header: func(Response, string) returns string
func std.api.http.response_body_len: func(Response) returns int
func std.api.http.header: func(string, string) returns Header
func std.api.http.header_name: func(Header) returns string
func std.api.http.header_value: func(Header) returns string
func std.api.http.cookie: func(string, string) returns Cookie
func std.api.http.cookie_name: func(Cookie) returns string
func std.api.http.cookie_value: func(Cookie) returns string
func std.api.http.cookie_with_options: func(string, string, string, string, int, bool, bool, int) returns Cookie
func std.api.http.cookie_path: func(Cookie) returns string
func std.api.http.cookie_domain: func(Cookie) returns string
func std.api.http.cookie_max_age: func(Cookie) returns int
func std.api.http.cookie_secure: func(Cookie) returns bool
func std.api.http.cookie_http_only: func(Cookie) returns bool
func std.api.http.cookie_same_site: func(Cookie) returns int
func std.api.http.cookie_header: func(Cookie) returns string
func std.api.http.response_with_cookie: func(Response, Cookie) returns Response
func std.api.http.cookie_sign: func(Cookie, string) returns Cookie
func std.api.http.cookie_verify: func(Cookie, string) returns bool
func std.api.http.cookie_is_expired: func(Cookie) returns bool
func std.api.http.cookie_error_code: func() returns int
func std.api.http.cookie_error_message: func() returns string
func std.api.http.status: func(int) returns Status
func std.api.server.new: func() returns Server
func std.api.server.listen: func(Server, int) returns bool
func std.api.server.serve: func(Server, Router) returns task<int>
func std.api.server.state: func(Server) returns int
func std.api.server.shutdown: func(Server) returns bool
func std.api.server.local_port: func(Server) returns int
func std.api.server.signal: func(Server, int) returns bool
func std.api.server.stats: func(Server, int) returns int
func std.api.server.set_max_body_bytes: func(Server, int) returns bool
func std.api.server.set_read_timeout: func(Server, int) returns bool
func std.api.server.set_idle_timeout: func(Server, int) returns bool
func std.api.server.set_tls_certificate: func(Server, string, string) returns bool
func std.api.server.tls_local_port: func(Server) returns int
func std.api.client.new: func() returns Client
func std.api.client.request: func(Client, Request) returns task<Response>
func std.api.client.timeout_ms: func(Client) returns int
func std.api.client.set_ssrf_policy: func(Client, SsrfPolicy) returns bool
func std.api.json.validate: func(string) returns bool
func std.api.json.kind: func(string) returns int
func std.api.json.parse: func(string) returns int
func std.api.json.value_kind: func(int) returns int
func std.api.json.value_len: func(int) returns int
func std.api.json.value_get: func(int, string) returns int
func std.api.json.value_at: func(int, int) returns int
func std.api.json.value_text: func(int) returns string
func std.api.json.value_number_bits: func(int) returns int
func std.api.json.value_bool: func(int) returns int
func std.api.json.value_free: func(int) returns unit
func std.api.json.stringify: func(int) returns string
func std.api.jwt.sign: func(string, string, string) returns string
func std.api.jwt.verify: func(string, string, string, string, string, int) returns bool
func std.api.oauth.client_new: func(string, string, string, string, string, string) returns OAuthClient
func std.api.oauth.client_set_revocation_url: func(OAuthClient, string) returns bool
func std.api.oauth.authorization_url: func(OAuthClient, string) returns string
func std.api.oauth.exchange_code: func(OAuthClient, string, string) returns OAuthToken
func std.api.oauth.refresh: func(OAuthClient, OAuthToken) returns OAuthToken
func std.api.oauth.revoke: func(OAuthClient, OAuthToken) returns bool
func std.api.oauth.token_access_token: func(OAuthToken) returns string
func std.api.oauth.token_refresh_token: func(OAuthToken) returns string
func std.api.oauth.token_type: func(OAuthToken) returns string
func std.api.oauth.token_expires_at_ms: func(OAuthToken) returns int
func std.api.oauth.token_scope: func(OAuthToken) returns string
func std.api.tls.config_new: func(int) returns TlsConfig
func std.api.tls.config_mode: func(TlsConfig) returns int
func std.api.tls.client_config: func() returns TlsConfig
func std.api.routing.router: func() returns Router
func std.api.routing.router_new: func() returns Router
func std.api.routing.route_count: func(Router) returns int
func std.api.routing.route_id: func(Route) returns int
func std.api.routing.route_add: func(Router, int, string) returns Route
func std.api.routing.route_match: func(Router, int, string) returns RouteMatch
func std.api.routing.match_route_id: func(RouteMatch) returns int
func std.api.routing.match_param: func(RouteMatch, string) returns string
func std.api.routing.match_param_int: func(RouteMatch, string) returns int
func std.api.routing.last_conflict: func() returns string
func std.api.routing.get: func(Router, string) returns Route
func std.api.routing.post: func(Router, string) returns Route
func std.api.routing.put: func(Router, string) returns Route
func std.api.routing.patch: func(Router, string) returns Route
func std.api.routing.delete: func(Router, string) returns Route
func std.api.routing.routes_export_openapi: func(Router, string, string) returns string
func std.api.routing.routes_set_request_schema: func(Router, int, string, string) returns bool
func std.api.query.type_string: func() returns int
func std.api.query.type_int: func() returns int
func std.api.query.type_bool: func() returns int
func std.api.query.parse: func(string) returns Query
func std.api.query.len: func(Query) returns int
func std.api.query.has: func(Query, string) returns bool
func std.api.query.count: func(Query, string) returns int
func std.api.query.first: func(Query, string) returns string
func std.api.query.value: func(Query, string, int) returns string
func std.api.query.int: func(Query, string, int) returns int
func std.api.query.bool: func(Query, string, int) returns bool
func std.api.query.schema: func() returns QuerySchema
func std.api.query.schema_field: func(QuerySchema, string, int, bool, bool) returns QuerySchema
func std.api.query.bind: func(Query, QuerySchema) returns QueryBinding
func std.api.query.binding_ok: func(QueryBinding) returns bool
func std.api.query.binding_error: func(QueryBinding) returns string
func std.api.query.binding_count: func(QueryBinding, string) returns int
func std.api.query.binding_value: func(QueryBinding, string, int) returns string
func std.api.query.binding_int: func(QueryBinding, string, int) returns int
func std.api.query.binding_bool: func(QueryBinding, string, int) returns bool
func std.api.query.error_code: func() returns int
func std.api.query.error_message: func() returns string
func std.api.form.type_string: func() returns int
func std.api.form.type_int: func() returns int
func std.api.form.type_bool: func() returns int
func std.api.form.parse: func(string) returns Form
func std.api.form.len: func(Form) returns int
func std.api.form.has: func(Form, string) returns bool
func std.api.form.count: func(Form, string) returns int
func std.api.form.first: func(Form, string) returns string
func std.api.form.value: func(Form, string, int) returns string
func std.api.form.int: func(Form, string, int) returns int
func std.api.form.bool: func(Form, string, int) returns bool
func std.api.form.schema: func() returns FormSchema
func std.api.form.schema_field: func(FormSchema, string, int, bool, bool) returns FormSchema
func std.api.form.bind: func(Form, FormSchema) returns FormBinding
func std.api.form.binding_ok: func(FormBinding) returns bool
func std.api.form.binding_error: func(FormBinding) returns string
func std.api.form.binding_count: func(FormBinding, string) returns int
func std.api.form.binding_value: func(FormBinding, string, int) returns string
func std.api.form.binding_int: func(FormBinding, string, int) returns int
func std.api.form.binding_bool: func(FormBinding, string, int) returns bool
func std.api.form.error_code: func() returns int
func std.api.form.error_message: func() returns string
func std.api.multipart.parse: func(string, string, int, int, int) returns Multipart
func std.api.multipart.part_count: func(Multipart) returns int
func std.api.multipart.field_count: func(Multipart) returns int
func std.api.multipart.file_count: func(Multipart) returns int
func std.api.multipart.text: func(Multipart, string, int) returns string
func std.api.multipart.part: func(Multipart, int) returns MultipartPart
func std.api.multipart.part_name: func(MultipartPart) returns string
func std.api.multipart.part_filename: func(MultipartPart) returns string
func std.api.multipart.part_content_type: func(MultipartPart) returns string
func std.api.multipart.part_size: func(MultipartPart) returns int
func std.api.multipart.part_is_file: func(MultipartPart) returns bool
func std.api.multipart.file_path: func(MultipartPart) returns string
func std.api.multipart.file_read: func(MultipartPart, int, int) returns string
func std.api.multipart.file_spool_to: func(MultipartPart, string) returns bool
func std.api.multipart.error_code: func() returns int
func std.api.multipart.error_message: func() returns string
func std.api.handler.text: func(string) returns Response
func std.api.handler.json: func(string) returns Response
func std.api.handler.bytes: func(string) returns Response
func std.api.handler.status: func(int) returns Response
func std.api.handler.with_header: func(Response, string, string) returns Response
func std.api.handler.into_response: func(Response) returns Response
func std.api.handler.into_text_response: func(string) returns Response
func std.api.handler.into_status_response: func(int) returns Response
func std.api.handler.error: func(int, string) returns HandlerError
func std.api.handler.error_response: func(HandlerError) returns Response
func std.api.handler.error_code: func(HandlerError) returns int
func std.api.handler.error_message: func(HandlerError) returns string
func std.api.handler.last_error_message: func() returns string
func std.api.handler.register_sync: func(int, Response) returns HandlerHandle
func std.api.handler.register_async: func(int, Response) returns AsyncHandlerHandle
func std.api.handler.register_sync_callback: func(int, fn(Request) returns Response) returns HandlerHandle
func std.api.handler.register_async_callback: func(int, fn(Request) returns Task<Response>) returns AsyncHandlerHandle
func std.api.handler.dispatch_sync: func(HandlerHandle, Request) returns Response
func std.api.handler.dispatch_async: func(AsyncHandlerHandle, Request) returns Response
func std.api.cors.policy: func() returns CorsPolicy
func std.api.cors.permissive: func() returns CorsPolicy
func std.api.cors.allow_origin: func(CorsPolicy, string) returns CorsPolicy
func std.api.cors.allow_method: func(CorsPolicy, int) returns CorsPolicy
func std.api.cors.allow_header: func(CorsPolicy, string) returns CorsPolicy
func std.api.cors.expose_header: func(CorsPolicy, string) returns CorsPolicy
func std.api.cors.allow_credentials: func(CorsPolicy, bool) returns CorsPolicy
func std.api.cors.max_age: func(CorsPolicy, int) returns CorsPolicy
func std.api.cors.middleware: func(CorsPolicy) returns MiddlewareHandle
func std.api.cors.is_preflight: func(Request) returns bool
func std.api.cors.preflight: func(CorsPolicy, Request) returns Response
func std.api.cors.apply: func(CorsPolicy, Request, Response) returns Response
func std.api.cors.allowed_origin: func(CorsPolicy, string) returns string
func std.api.middleware.chain: func() returns MiddlewareChain
func std.api.middleware.chain_new: func() returns MiddlewareChain
func std.api.middleware.chain_len: func(MiddlewareChain) returns int
func std.api.middleware.register_sync: func(string, string) returns MiddlewareHandle
func std.api.middleware.register_sync_short_circuit: func(string, string, Response) returns MiddlewareHandle
func std.api.middleware.register_async: func(string, string) returns AsyncMiddlewareHandle
func std.api.middleware.register_async_short_circuit: func(string, string, Response) returns AsyncMiddlewareHandle
func std.api.middleware.register_logging: func(string) returns MiddlewareHandle
func std.api.middleware.logging_len: func(MiddlewareHandle) returns int
func std.api.middleware.logging_line: func(MiddlewareHandle, int) returns string
func std.api.middleware.logging_request_id: func(MiddlewareHandle, int) returns string
func std.api.middleware.register_rate_limit: func(string, int, int, string, bool) returns MiddlewareHandle
func std.api.middleware.rate_limit_update: func(MiddlewareHandle, int, int) returns bool
func std.api.middleware.register_api_key: func(string) returns MiddlewareHandle
func std.api.middleware.api_key_add: func(MiddlewareHandle, string, int) returns bool
func std.api.middleware.api_key_revoke: func(MiddlewareHandle, string) returns bool
func std.api.middleware.register_security_headers: func() returns MiddlewareHandle
func std.api.middleware.register_compression: func(int) returns MiddlewareHandle
func std.api.middleware.security_headers_configure: func(MiddlewareHandle, string, string, bool, bool, bool) returns bool
func std.api.middleware.security_headers_route: func(MiddlewareHandle, string, string, string) returns bool
func std.api.middleware.use_sync: func(MiddlewareChain, MiddlewareHandle) returns MiddlewareChain
func std.api.middleware.use_async: func(MiddlewareChain, AsyncMiddlewareHandle) returns MiddlewareChain
func std.api.middleware.execute_sync: func(MiddlewareChain, Request, Response) returns Response
func std.api.middleware.execute_async: func(MiddlewareChain, Request, Response) returns Response
func std.api.middleware.last_trace: func() returns MiddlewareTrace
func std.api.middleware.trace_len: func(MiddlewareTrace) returns int
func std.api.middleware.trace_event: func(MiddlewareTrace, int) returns string
func std.api.middleware.trace_short_circuited: func(MiddlewareTrace) returns bool
func std.api.validation.schema: func() returns ValidationSchema
func std.api.validation.field: func(ValidationSchema, string, int, bool) returns ValidationSchema
func std.api.validation.min_length: func(ValidationSchema, string, int) returns ValidationSchema
func std.api.validation.max_length: func(ValidationSchema, string, int) returns ValidationSchema
func std.api.validation.range: func(ValidationSchema, string, int, int) returns ValidationSchema
func std.api.validation.regex: func(ValidationSchema, string, string) returns ValidationSchema
func std.api.validation.validate_json: func(ValidationSchema, string) returns ValidationResult
func std.api.validation.validate_form: func(ValidationSchema, Form) returns ValidationResult
func std.api.validation.result_ok: func(ValidationResult) returns bool
func std.api.validation.result_count: func(ValidationResult) returns int
func std.api.validation.result_field: func(ValidationResult, int) returns string
func std.api.validation.result_code: func(ValidationResult, int) returns string
func std.api.validation.result_message: func(ValidationResult, int) returns string
func std.api.validation.result_problem_json: func(ValidationResult) returns string
func std.api.validation.result_response: func(ValidationResult) returns Response
func std.api.validation.error_code: func() returns int
func std.api.validation.error_message: func() returns string
func std.api.errors.new: func(int, string, string) returns ApiError
func std.api.errors.internal_error: func(string, string) returns ApiError
func std.api.errors.status: func(ApiError) returns int
func std.api.errors.code: func(ApiError) returns string
func std.api.errors.message: func(ApiError) returns string
func std.api.errors.response: func(ApiError) returns Response
func std.api.errors.exception_middleware: func(int, string, string) returns MiddlewareHandle
func std.api.errors.last_code: func() returns int
func std.api.errors.last_message: func() returns string
func std.api.security.csrf_policy: func() returns CsrfPolicy
func std.api.security.csrf_allow_origin: func(CsrfPolicy, string) returns CsrfPolicy
func std.api.security.csrf_origin_count: func(CsrfPolicy) returns int
func std.api.security.csrf_middleware: func(CsrfPolicy) returns MiddlewareHandle
func std.api.security.ssrf_policy: func() returns SsrfPolicy
func std.api.security.ssrf_allow_private_networks: func(SsrfPolicy, bool) returns SsrfPolicy
func std.api.security.ssrf_allows: func(SsrfPolicy, string) returns bool
func std.api.session.memory_store: func() returns SessionStore
func std.api.session.redis_store: func(RedisConnection, string) returns SessionStore
func std.api.session.store_kind: func(SessionStore) returns string
func std.api.session.create: func(SessionStore, string, int, int, bool) returns Session
func std.api.session.lookup: func(SessionStore, string) returns Session
func std.api.session.id: func(Session) returns string
func std.api.session.value: func(Session) returns string
func std.api.session.created_at_ms: func(Session) returns int
func std.api.session.expires_at_ms: func(Session) returns int
func std.api.session.is_valid: func(Session) returns bool
func std.api.session.revoke: func(SessionStore, string) returns bool
func std.api.session.error_code: func() returns int
func std.api.session.error_message: func() returns string
func std.api.websocket.client_new: func() returns WebSocketClient
func std.api.websocket.client_set_per_message_deflate: func(WebSocketClient, bool) returns bool
func std.api.websocket.client_set_max_message_bytes: func(WebSocketClient, int) returns bool
func std.api.websocket.client_set_reconnect: func(WebSocketClient, int, int) returns bool
func std.api.websocket.client_allow_private_networks: func(WebSocketClient, bool) returns bool
func std.api.websocket.client_connect: func(WebSocketClient, string) returns task<WebSocket>
func std.api.websocket.server_new: func() returns WebSocketServer
func std.api.websocket.server_route: func(WebSocketServer, Route) returns bool
func std.api.websocket.server_listen: func(WebSocketServer, int) returns bool
func std.api.websocket.server_local_port: func(WebSocketServer) returns int
func std.api.websocket.server_set_per_message_deflate: func(WebSocketServer, bool) returns bool
func std.api.websocket.server_set_max_message_bytes: func(WebSocketServer, int) returns bool
func std.api.websocket.server_accept: func(WebSocketServer) returns task<WebSocket>
func std.api.websocket.connection_peer_port: func(WebSocket) returns int
func std.api.websocket.connection_receive: func(WebSocket) returns task<WebSocketMessage>
func std.api.websocket.connection_send_text: func(WebSocket, string) returns task<int>
func std.api.websocket.connection_send_binary_base64: func(WebSocket, string) returns task<int>
func std.api.websocket.connection_ping: func(WebSocket, string) returns task<int>
func std.api.websocket.connection_close: func(WebSocket, int, string) returns task<int>
func std.api.websocket.message_kind: func(WebSocketMessage) returns int
func std.api.websocket.message_len: func(WebSocketMessage) returns int
func std.api.websocket.message_text: func(WebSocketMessage) returns string
func std.api.websocket.message_base64: func(WebSocketMessage) returns string
func std.api.websocket.message_release: func(WebSocketMessage) returns bool
func std.api.sse.server_new: func() returns SseServer
func std.api.sse.server_response: func(SseServer) returns Response
func std.api.sse.server_listen: func(SseServer, int) returns bool
func std.api.sse.server_local_port: func(SseServer) returns int
func std.api.sse.server_set_heartbeat_interval: func(SseServer, int) returns bool
func std.api.sse.server_set_replay_capacity: func(SseServer, int) returns bool
func std.api.sse.server_set_max_event_bytes: func(SseServer, int) returns bool
func std.api.sse.server_accept: func(SseServer) returns task<SseConnection>
func std.api.sse.server_publish: func(SseServer, SseEvent) returns task<int>
func std.api.sse.event_new: func(string, string, string, int) returns SseEvent
func std.api.sse.event_id: func(SseEvent) returns string
func std.api.sse.event_type: func(SseEvent) returns string
func std.api.sse.event_data: func(SseEvent) returns string
func std.api.sse.event_retry_ms: func(SseEvent) returns int
func std.api.sse.event_release: func(SseEvent) returns bool
func std.api.sse.connection_peer_port: func(SseConnection) returns int
func std.api.sse.connection_last_event_id: func(SseConnection) returns string
func std.api.sse.connection_send: func(SseConnection, SseEvent) returns task<int>
func std.api.sse.connection_heartbeat: func(SseConnection) returns task<int>
func std.api.sse.connection_close: func(SseConnection) returns task<int>
